<?xml version="1.0" encoding="UTF-8"?>
<checkstyle version="2.x.x">
<file name="tests/files/AppUsesMissing1.php">
 <error line="9" column="23" severity="error" message="Missing App::uses for extended class 'AppModel'" source="Cake2Paranoid.Classes.AppUses.ParentClass"/>
</file>
<file name="tests/files/AppUsesMissing2.php">
 <error line="11" column="23" severity="error" message="Missing App::uses for extended class 'AppUsesMissing1'" source="Cake2Paranoid.Classes.AppUses.ParentClass"/>
</file>
<file name="tests/files/AppUsesMissing3.php">
 <error line="22" column="23" severity="error" message="Missing App::uses for extended class 'AppModel'" source="Cake2Paranoid.Classes.AppUses.ParentClass"/>
</file>
<file name="tests/files/AppUsesMissing5.php">
 <error line="10" column="12" severity="error" message="Missing App::uses for extended class 'AppModel'" source="Cake2Paranoid.Classes.AppUses.ParentClass"/>
 <error line="21" column="42" severity="error" message="Missing App::uses for extended class 'AppUsesFinalMissing5'" source="Cake2Paranoid.Classes.AppUses.ParentClass"/>
</file>
</checkstyle>

