<?xml version="1.0" encoding="UTF-8"?>
<checkstyle version="2.x.x">
<file name="tests/files/AppUsesWrongType1.php">
 <error line="5" column="1" severity="error" message="Wrong type for the App::uses call: 'Controlller'" source="Cake2.Classes.AppUses.WrongType"/>
</file>
<file name="tests/files/AppUsesMissing1.php">
 <error line="9" column="23" severity="error" message="Missing App::uses for extended class 'AppModel'" source="Cake2.Classes.AppUses.MissingParentClass"/>
</file>
<file name="tests/files/AppUsesMissing2.php">
 <error line="11" column="23" severity="error" message="Missing App::uses for extended class 'AppUsesMissing1'" source="Cake2.Classes.AppUses.MissingParentClass"/>
</file>
<file name="tests/files/AppUsesMissing3.php">
 <error line="22" column="23" severity="error" message="Missing App::uses for extended class 'AppModel'" source="Cake2.Classes.AppUses.MissingParentClass"/>
</file>
<file name="tests/files/AppUsesMissing5.php">
 <error line="10" column="12" severity="error" message="Missing App::uses for extended class 'AppModel'" source="Cake2.Classes.AppUses.MissingParentClass"/>
 <error line="21" column="42" severity="error" message="Missing App::uses for extended class 'AppUsesFinalMissing5'" source="Cake2.Classes.AppUses.MissingParentClass"/>
</file>
<file name="tests/files/AppUsesAlreadyImported.php">
 <error line="6" column="1" severity="warning" message="Class 'AppModel' was first imported on line 5" source="Cake2.Classes.AppUses.AlreadyImported"/>
 <error line="7" column="1" severity="warning" message="Class 'AppModel' was first imported on line 5" source="Cake2.Classes.AppUses.AlreadyImported"/>
</file>
<file name="tests/files/AppUsesWrongTypeDifferent1.php">
 <error line="6" column="1" severity="error" message="Class 'AbstractAppUsesWrongTypeDifferent1Component' was first imported on line 5 with a different type or plugin ('Plugin.Controller/Component')" source="Cake2.Classes.AppUses.AlreadyImportedDifferent"/>
 <error line="7" column="1" severity="error" message="Class 'AbstractAppUsesWrongTypeDifferent1Component' was first imported on line 5 with a different type or plugin ('Controller')" source="Cake2.Classes.AppUses.AlreadyImportedDifferent"/>
</file>
</checkstyle>

